// Jest Snapshot v1, https://goo.gl/fbAQLP

exports[`CharizardAppComponent should match the snapshot 1`] = `"<h1>Pokemon</h1><hr><div><h2>Loading...</h2></div><!--container--><!--container-->"`;
